// Jest Snapshot v1, https://goo.gl/fbAQLP

exports[`<Form /> matches snapshot 1`] = `
<div
  className="login-form"
>
  <ContextConsumer>
    <Component />
  </ContextConsumer>
</div>
`;
